==== s_normalize_path 
---- It should normalize a backslashed path into a forwardslashed path. 
.

==== textobj_user_plugin sfile
---- It should be able to call script-local function. 
...



**** Result ****


4 examples, 0 failures
